export const snapshot = {};

snapshot[`Server > serves 1`] = `'<html><head><meta charset="utf-8"><meta name="viewport" content="width=device-width, initial-scale=1"><title></title></head><body>hello</body></html>'`;

snapshot[`Server > serves different paths 1`] = `'<html><head><meta charset="utf-8"><meta name="viewport" content="width=device-width, initial-scale=1"><title></title></head><body>index</body></html>'`;

snapshot[`Server > serves different paths 2`] = `'<html><head><meta charset="utf-8"><meta name="viewport" content="width=device-width, initial-scale=1"><title></title></head><body>about</body></html>'`;
